{"type":"server-started","port":59723,"host":"127.0.0.1","url_host":"localhost","url":"http://localhost:59723","screen_dir":"/Users/tc/godzilla-game/.superpowers/brainstorm/91271-1781462319/content","state_dir":"/Users/tc/godzilla-game/.superpowers/brainstorm/91271-1781462319/state"}
{"type":"screen-added","file":"/Users/tc/godzilla-game/.superpowers/brainstorm/91271-1781462319/content/visual-style.html"}
{"source":"user-event","type":"click","text":"🦖\n      \n        \n        \n        \n        \n        \n      \n      PIXEL ART · RETRO\n    \n    \n      Pixel Art / Retro\n      Classic 16-bit sprite style. Bold colors, chunky pixels, nostalgic feel. Think Street Fighter II meets Godzilla. Fast to build, works great at any resolution.","choice":"a","id":null,"timestamp":1781462703810}
{"source":"user-event","type":"click","text":"🦖\n      \n        \n        \n        \n        \n        \n      \n      PIXEL ART · RETRO\n    \n    \n      Pixel Art / Retro\n      Classic 16-bit sprite style. Bold colors, chunky pixels, nostalgic feel. Think Street Fighter II meets Godzilla. Fast to build, works great at any resolution.","choice":"a","id":null,"timestamp":1781462706036}
{"source":"user-event","type":"click","text":"🦖\n      \n        \n        \n        \n        \n        \n      \n      PIXEL ART · RETRO\n    \n    \n      Pixel Art / Retro\n      Classic 16-bit sprite style. Bold colors, chunky pixels, nostalgic feel. Think Street Fighter II meets Godzilla. Fast to build, works great at any resolution.","choice":"a","id":null,"timestamp":1781462706173}
{"type":"screen-added","file":"/Users/tc/godzilla-game/.superpowers/brainstorm/91271-1781462319/content/characters.html"}
{"source":"user-event","type":"click","text":"🦖\n    \n      Godzilla (Classic)\n      Atomic breath, tail slam, nuclear pulse. The OG. Multiple skins: 1954 Showa, 2014 Monsterverse, GxK evolved.","choice":"godzilla","id":null,"timestamp":1781462855503}
{"source":"user-event","type":"click","text":"🦍\n    \n      King Kong\n      Axe weapon, climb + aerial attacks, chest pound shockwave. Close-range brawler with agility.","choice":"kong","id":null,"timestamp":1781462856150}
{"source":"user-event","type":"click","text":"🦋\n    \n      Mothra\n      Wing beam, silk attack, divine moth transformation. Flying fighter, fast and agile.","choice":"mothra","id":null,"timestamp":1781462856714}
{"source":"user-event","type":"click","text":"🦅\n    \n      Rodan\n      Sonic boom dive, shockwave wings, magma spit. Aerial speed demon, high damage.","choice":"rodan","id":null,"timestamp":1781462857401}
{"source":"user-event","type":"click","text":"🦅\n    \n      Rodan\n      Sonic boom dive, shockwave wings, magma spit. Aerial speed demon, high damage.","choice":"rodan","id":null,"timestamp":1781462857497}
{"source":"user-event","type":"click","text":"🐉\n    \n      King Ghidorah\n      Three-head gravity beams, hurricane wings, lightning storm. Classic final boss energy.","choice":"ghidorah","id":null,"timestamp":1781462858080}
{"source":"user-event","type":"click","text":"🦅\n    \n      Rodan\n      Sonic boom dive, shockwave wings, magma spit. Aerial speed demon, high damage.","choice":"rodan","id":null,"timestamp":1781462858581}
{"source":"user-event","type":"click","text":"🤖\n    \n      MechaGodzilla\n      Proton scream, missile barrage, mech punch. Showa classic OR Monsterverse Apex version.","choice":"mechagodzilla","id":null,"timestamp":1781462859632}
{"source":"user-event","type":"click","text":"🌿\n    \n      Biollante\n      Acid sap, vine whip, pollen cloud. Unique plant kaiju from Heisei era — crowd favorite.","choice":"biollante","id":null,"timestamp":1781462860116}
{"source":"user-event","type":"click","text":"👹\n    \n      Destoroyah\n      Micro-oxygen beam, horn katana, oxygen destroyer blast. Fan-favorite villain.","choice":"destroyah","id":null,"timestamp":1781462862616}
{"source":"user-event","type":"click","text":"🪚\n    \n      Gigan\n      Buzzsaw chest, hook hands, alien beam. Cyborg kaiju — great for melee combos.","choice":"gigan","id":null,"timestamp":1781462863121}
{"source":"user-event","type":"click","text":"🌌\n    \n      SpaceGodzilla\n      Crystal prison trap, corona beam, gravity tornado. Cosmic rival to Godzilla.","choice":"spacegodzilla","id":null,"timestamp":1781462864233}
{"source":"user-event","type":"click","text":"☣️\n    \n      Hedorah (Smog Monster)\n      Acid mist, sludge slam, form shifts. Weird and iconic — pollution monster.","choice":"hedorah","id":null,"timestamp":1781462864739}
{"source":"user-event","type":"click","text":"🦔\n    \n      Anguirus\n      Spike roll, jaw clamp, ground pound. Godzilla's oldest ally — tough tank fighter.","choice":"anguirus","id":null,"timestamp":1781462866118}
{"type":"screen-added","file":"/Users/tc/godzilla-game/.superpowers/brainstorm/91271-1781462319/content/superheroes.html"}
{"source":"user-event","type":"click","text":"🕷️\n    \n      Webslinger (Spider-Man archetype)\n      Web nets to slow kaiju, wall-crawl, acrobatic combos. Hilariously small next to Godzilla. \"OKAY THIS IS BAD.\"","choice":"webslinger","id":null,"timestamp":1781462976510}
{"source":"user-event","type":"click","text":"🦾\n    \n      Ironclad (Iron Man archetype)\n      Power suit, repulsor blast, missile swarm, jet boost. Flies in for aerial combos. \"INITIATING KAIJU PROTOCOL\"","choice":"ironclad","id":null,"timestamp":1781462976983}
{"source":"user-event","type":"click","text":"💪\n    \n      Titan (Superman archetype)\n      Super strength, flight, laser vision beam. Can grapple and throw kaiju. Shouts \"FOR EARTH!\" — feels tiny vs. monsters but hits hard.","choice":"titan","id":null,"timestamp":1781462978267}
{"source":"user-event","type":"click","text":"⚡\n    \n      Thunderstrike (Thor archetype)\n      Lightning hammer throw, storm call, thunder shockwave. Can briefly stun kaiju. \"YOU FACE THE STORM!\"","choice":"thunderstrike","id":null,"timestamp":1781462978985}
{"source":"user-event","type":"click","text":"🥷\n    \n      Shadowfist (Batman archetype)\n      Gadgets, grapple hook, smoke bombs, glide. No powers — pure skill. Hacks MechaGodzilla for a special move. \"I AM THE NIGHT.\"","choice":"shadowfist","id":null,"timestamp":1781462979501}
{"source":"user-event","type":"click","text":"🧠\n    \n      Psywave (Psychic/Jean Grey archetype)\n      Telekinesis slam, mind prison, psionic wave blast. Can levitate and redirect kaiju attacks. \"YOUR MIND IS MINE.\"","choice":"psywave","id":null,"timestamp":1781462980452}
{"source":"user-event","type":"click","text":"🔥\n    \n      Pyroknight (Flame-based original)\n      Full-body fire, meteor crash, magma eruption. Unique — no direct archetype. Fights fire with fire against Rodan/Ghidorah. \"BURN IT ALL!\"","choice":"pyroknight","id":null,"timestamp":1781462980934}
{"source":"user-event","type":"click","text":"🌊\n    \n      Deepguard (Aquaman archetype)\n      Trident slam, tsunami wave, sea creature summon. Home turf vs. Godzilla in water stages. \"THE OCEAN ANSWERS!\"","choice":"deepguard","id":null,"timestamp":1781462981485}
{"type":"screen-added","file":"/Users/tc/godzilla-game/.superpowers/brainstorm/91271-1781462319/content/architecture.html"}
{"type":"screen-added","file":"/Users/tc/godzilla-game/.superpowers/brainstorm/91271-1781462319/content/cities-powerups.html"}
{"type":"screen-added","file":"/Users/tc/godzilla-game/.superpowers/brainstorm/91271-1781462319/content/audio-system.html"}
{"type":"screen-added","file":"/Users/tc/godzilla-game/.superpowers/brainstorm/91271-1781462319/content/gregg-easter-egg.html"}
{"type":"screen-added","file":"/Users/tc/godzilla-game/.superpowers/brainstorm/91271-1781462319/content/gregg-design.html"}
{"type":"screen-added","file":"/Users/tc/godzilla-game/.superpowers/brainstorm/91271-1781462319/content/combat-hud.html"}
{"type":"screen-added","file":"/Users/tc/godzilla-game/.superpowers/brainstorm/91271-1781462319/content/fart-powers.html"}
{"type":"screen-added","file":"/Users/tc/godzilla-game/.superpowers/brainstorm/91271-1781462319/content/gregg-fart-update.html"}
{"type":"screen-added","file":"/Users/tc/godzilla-game/.superpowers/brainstorm/91271-1781462319/content/monetization.html"}
{"type":"server-stopped","reason":"idle timeout"}
